
> app@1.0.0 dev
> next dev

  ▲ Next.js 14.2.3
  - Local:        http://localhost:3000

 ✓ Starting...
 ✓ Ready in 4.3s
 ○ Compiling /src/middleware ...
 ✓ Compiled /src/middleware in 2.9s (255 modules)
 ⨯ MissingSecret: Missing secret, please set AUTH_SECRET or config.secret. Read more at https://errors.authjs.dev#missingsecret
    at <unknown> (webpack-internal:///(middleware)/./node_modules/next-auth/node_modules/@auth/core/lib/utils/env.js:34)
    at setEnvDefaults (webpack-internal:///(middleware)/./node_modules/next-auth/node_modules/@auth/core/lib/utils/env.js:34:15)
    at setEnvDefaults (webpack-internal:///(middleware)/./node_modules/next-auth/lib/env.js:41:67)
    at NextAuth (webpack-internal:///(middleware)/./node_modules/next-auth/index.js:138:64)
    at eval (webpack-internal:///(middleware)/./src/middleware.ts:14:71)
    at (middleware)/./src/middleware.ts (file:///app/.next/server/src/middleware.js:1214:1)
    at __webpack_require__ (file:///app/.next/server/edge-runtime-webpack.js:37:33)
    at fn (file:///app/.next/server/edge-runtime-webpack.js:285:21)
    at eval (webpack-internal:///(middleware)/./node_modules/next/dist/build/webpack/loaders/next-middleware-loader.js?absolutePagePath=%2Fapp%2Fsrc%2Fmiddleware.ts&page=%2Fsrc%2Fmiddleware&rootDir=%2Fapp&matchers=&preferredRegion=&middlewareConfig=e30%3D!:7:76)
    at (middleware)/./node_modules/next/dist/build/webpack/loaders/next-middleware-loader.js?absolutePagePath=%2Fapp%2Fsrc%2Fmiddleware.ts&page=%2Fsrc%2Fmiddleware&rootDir=%2Fapp&matchers=&preferredRegion=&middlewareConfig=e30%3D! (file:///app/.next/server/src/middleware.js:40:1)
    at __webpack_require__ (file:///app/.next/server/edge-runtime-webpack.js:37:33)
 ○ Compiling /_error ...
 ✓ Compiled /_error in 2.8s (252 modules)
 GET /ar 404 in 9ms
 ○ Compiling /_not-found ...
 ⚠ Fast Refresh had to perform a full reload due to a runtime error.
 ✓ Compiled /_not-found in 9.8s (655 modules)
 ⨯ MissingSecret: Missing secret, please set AUTH_SECRET or config.secret. Read more at https://errors.authjs.dev#missingsecret
    at <unknown> (webpack-internal:///(middleware)/./node_modules/next-auth/node_modules/@auth/core/lib/utils/env.js:34)
    at setEnvDefaults (webpack-internal:///(middleware)/./node_modules/next-auth/node_modules/@auth/core/lib/utils/env.js:34:15)
    at setEnvDefaults (webpack-internal:///(middleware)/./node_modules/next-auth/lib/env.js:41:67)
    at NextAuth (webpack-internal:///(middleware)/./node_modules/next-auth/index.js:138:64)
    at eval (webpack-internal:///(middleware)/./src/middleware.ts:14:71)
    at (middleware)/./src/middleware.ts (file:///app/.next/server/src/middleware.js:1214:1)
    at __webpack_require__ (file:///app/.next/server/edge-runtime-webpack.js:37:33)
    at fn (file:///app/.next/server/edge-runtime-webpack.js:285:21)
    at eval (webpack-internal:///(middleware)/./node_modules/next/dist/build/webpack/loaders/next-middleware-loader.js?absolutePagePath=%2Fapp%2Fsrc%2Fmiddleware.ts&page=%2Fsrc%2Fmiddleware&rootDir=%2Fapp&matchers=&preferredRegion=&middlewareConfig=e30%3D!:7:76)
    at (middleware)/./node_modules/next/dist/build/webpack/loaders/next-middleware-loader.js?absolutePagePath=%2Fapp%2Fsrc%2Fmiddleware.ts&page=%2Fsrc%2Fmiddleware&rootDir=%2Fapp&matchers=&preferredRegion=&middlewareConfig=e30%3D! (file:///app/.next/server/src/middleware.js:40:1)
    at __webpack_require__ (file:///app/.next/server/edge-runtime-webpack.js:37:33)
 GET /ar 404 in 6ms
 ⨯ MissingSecret: Missing secret, please set AUTH_SECRET or config.secret. Read more at https://errors.authjs.dev#missingsecret
    at <unknown> (webpack-internal:///(middleware)/./node_modules/next-auth/node_modules/@auth/core/lib/utils/env.js:34)
    at setEnvDefaults (webpack-internal:///(middleware)/./node_modules/next-auth/node_modules/@auth/core/lib/utils/env.js:34:15)
    at setEnvDefaults (webpack-internal:///(middleware)/./node_modules/next-auth/lib/env.js:41:67)
    at NextAuth (webpack-internal:///(middleware)/./node_modules/next-auth/index.js:138:64)
    at eval (webpack-internal:///(middleware)/./src/middleware.ts:14:71)
    at (middleware)/./src/middleware.ts (file:///app/.next/server/src/middleware.js:1214:1)
    at __webpack_require__ (file:///app/.next/server/edge-runtime-webpack.js:37:33)
    at fn (file:///app/.next/server/edge-runtime-webpack.js:285:21)
    at eval (webpack-internal:///(middleware)/./node_modules/next/dist/build/webpack/loaders/next-middleware-loader.js?absolutePagePath=%2Fapp%2Fsrc%2Fmiddleware.ts&page=%2Fsrc%2Fmiddleware&rootDir=%2Fapp&matchers=&preferredRegion=&middlewareConfig=e30%3D!:7:76)
    at (middleware)/./node_modules/next/dist/build/webpack/loaders/next-middleware-loader.js?absolutePagePath=%2Fapp%2Fsrc%2Fmiddleware.ts&page=%2Fsrc%2Fmiddleware&rootDir=%2Fapp&matchers=&preferredRegion=&middlewareConfig=e30%3D! (file:///app/.next/server/src/middleware.js:40:1)
    at __webpack_require__ (file:///app/.next/server/edge-runtime-webpack.js:37:33)
 GET /ar/category/mecanique-generale 404 in 2ms
   Reload env: .env
 ✓ Compiled in 577ms (701 modules)
 ✓ Compiled in 6.2s (701 modules)
 ✓ Compiled in 608ms (701 modules)
   Reload env: .env
 ✓ Compiled in 486ms (701 modules)
 ✓ Compiled in 231ms (701 modules)
